[INFO] Scanning for projects...
[INFO] 
[INFO] ------------< edu.dosw.rideci:ATENEA_NOTIFICATIONS_BACKEND >------------
[INFO] Building ATENEA_NOTIFICATIONS_BACKEND 0.0.1-SNAPSHOT
[INFO]   from pom.xml
[INFO] --------------------------------[ jar ]---------------------------------
[INFO] 
[INFO] --- clean:3.4.1:clean (default-clean) @ ATENEA_NOTIFICATIONS_BACKEND ---
[INFO] Deleting D:\cursor\ATENEA_NOTIFICATIONS_BACKEND\target
[INFO] 
[INFO] --- jacoco:0.8.12:prepare-agent (prepare-agent) @ ATENEA_NOTIFICATIONS_BACKEND ---
[INFO] argLine set to -javaagent:C:\\Users\\juanp\\.m2\\repository\\org\\jacoco\\org.jacoco.agent\\0.8.12\\org.jacoco.agent-0.8.12-runtime.jar=destfile=D:\\cursor\\ATENEA_NOTIFICATIONS_BACKEND\\target\\jacoco.exec
[INFO] 
[INFO] --- resources:3.3.1:resources (default-resources) @ ATENEA_NOTIFICATIONS_BACKEND ---
[INFO] Copying 1 resource from src\main\resources to target\classes
[INFO] Copying 0 resource from src\main\resources to target\classes
[INFO] 
[INFO] --- compiler:3.11.0:compile (default-compile) @ ATENEA_NOTIFICATIONS_BACKEND ---
[INFO] Changes detected - recompiling the module! :source
[INFO] Compiling 63 source files with javac [debug release 17] to target\classes
[INFO] -------------------------------------------------------------
[ERROR] COMPILATION ERROR : 
[INFO] -------------------------------------------------------------
[ERROR] /D:/cursor/ATENEA_NOTIFICATIONS_BACKEND/src/main/java/edu/dosw/rideci/infrastructure/config/OpenApiConfig.java:[26,17] illegal start of expression
[ERROR] /D:/cursor/ATENEA_NOTIFICATIONS_BACKEND/src/main/java/edu/dosw/rideci/infrastructure/config/OpenApiConfig.java:[30,19] ')' expected
[INFO] 2 errors 
[INFO] -------------------------------------------------------------
[INFO] ------------------------------------------------------------------------
[INFO] BUILD FAILURE
[INFO] ------------------------------------------------------------------------
[INFO] Total time:  3.754 s
[INFO] Finished at: 2025-12-16T00:55:56-05:00
[INFO] ------------------------------------------------------------------------
[ERROR] Failed to execute goal org.apache.maven.plugins:maven-compiler-plugin:3.11.0:compile (default-compile) on project ATENEA_NOTIFICATIONS_BACKEND: Compilation failure: Compilation failure: 
[ERROR] /D:/cursor/ATENEA_NOTIFICATIONS_BACKEND/src/main/java/edu/dosw/rideci/infrastructure/config/OpenApiConfig.java:[26,17] illegal start of expression
[ERROR] /D:/cursor/ATENEA_NOTIFICATIONS_BACKEND/src/main/java/edu/dosw/rideci/infrastructure/config/OpenApiConfig.java:[30,19] ')' expected
[ERROR] -> [Help 1]
[ERROR] 
[ERROR] To see the full stack trace of the errors, re-run Maven with the -e switch.
[ERROR] Re-run Maven using the -X switch to enable full debug logging.
[ERROR] 
[ERROR] For more information about the errors and possible solutions, please read the following articles:
[ERROR] [Help 1] http://cwiki.apache.org/confluence/display/MAVEN/MojoFailureException
