[INFO] Scanning for projects...
[INFO] 
[INFO] ------------< edu.dosw.rideci:ATENEA_NOTIFICATIONS_BACKEND >------------
[INFO] Building ATENEA_NOTIFICATIONS_BACKEND 0.0.1-SNAPSHOT
[INFO]   from pom.xml
[INFO] --------------------------------[ jar ]---------------------------------
[INFO] 
[INFO] --- jacoco:0.8.12:prepare-agent (prepare-agent) @ ATENEA_NOTIFICATIONS_BACKEND ---
[INFO] argLine set to -javaagent:C:\\Users\\juanp\\.m2\\repository\\org\\jacoco\\org.jacoco.agent\\0.8.12\\org.jacoco.agent-0.8.12-runtime.jar=destfile=D:\\cursor\\ATENEA_NOTIFICATIONS_BACKEND\\target\\jacoco.exec
[INFO] 
[INFO] --- resources:3.3.1:resources (default-resources) @ ATENEA_NOTIFICATIONS_BACKEND ---
[INFO] Copying 1 resource from src\main\resources to target\classes
[INFO] Copying 0 resource from src\main\resources to target\classes
[INFO] 
[INFO] --- compiler:3.11.0:compile (default-compile) @ ATENEA_NOTIFICATIONS_BACKEND ---
[INFO] Nothing to compile - all classes are up to date
[INFO] 
[INFO] --- resources:3.3.1:testResources (default-testResources) @ ATENEA_NOTIFICATIONS_BACKEND ---
[INFO] skip non existing resourceDirectory D:\cursor\ATENEA_NOTIFICATIONS_BACKEND\src\test\resources
[INFO] 
[INFO] --- compiler:3.11.0:testCompile (default-testCompile) @ ATENEA_NOTIFICATIONS_BACKEND ---
[INFO] Changes detected - recompiling the module! :source
[INFO] Compiling 27 source files with javac [debug release 17] to target\test-classes
[INFO] /D:/cursor/ATENEA_NOTIFICATIONS_BACKEND/src/test/java/edu/dosw/rideci/unit/domain/service/EventBusTest.java: D:\cursor\ATENEA_NOTIFICATIONS_BACKEND\src\test\java\edu\dosw\rideci\unit\domain\service\EventBusTest.java uses unchecked or unsafe operations.
[INFO] /D:/cursor/ATENEA_NOTIFICATIONS_BACKEND/src/test/java/edu/dosw/rideci/unit/domain/service/EventBusTest.java: Recompile with -Xlint:unchecked for details.
[INFO] -------------------------------------------------------------
[ERROR] COMPILATION ERROR : 
[INFO] -------------------------------------------------------------
[ERROR] /D:/cursor/ATENEA_NOTIFICATIONS_BACKEND/src/test/java/edu/dosw/rideci/unit/application/service/EventProcessingServiceTest.java:[53,9] cannot find symbol
  symbol:   class PaymentFailedEvent
  location: class edu.dosw.rideci.unit.application.service.EventProcessingServiceTest
[ERROR] /D:/cursor/ATENEA_NOTIFICATIONS_BACKEND/src/test/java/edu/dosw/rideci/unit/application/service/EventProcessingServiceTest.java:[53,40] cannot find symbol
  symbol:   class PaymentFailedEvent
  location: class edu.dosw.rideci.unit.application.service.EventProcessingServiceTest
[ERROR] /D:/cursor/ATENEA_NOTIFICATIONS_BACKEND/src/test/java/edu/dosw/rideci/unit/application/service/EventProcessingServiceTest.java:[67,9] cannot find symbol
  symbol:   class PaymentRefundedEvent
  location: class edu.dosw.rideci.unit.application.service.EventProcessingServiceTest
[ERROR] /D:/cursor/ATENEA_NOTIFICATIONS_BACKEND/src/test/java/edu/dosw/rideci/unit/application/service/EventProcessingServiceTest.java:[67,42] cannot find symbol
  symbol:   class PaymentRefundedEvent
  location: class edu.dosw.rideci.unit.application.service.EventProcessingServiceTest
[ERROR] /D:/cursor/ATENEA_NOTIFICATIONS_BACKEND/src/test/java/edu/dosw/rideci/unit/application/service/EventProcessingServiceTest.java:[77,9] cannot find symbol
  symbol:   class ReportCreatedEvent
  location: class edu.dosw.rideci.unit.application.service.EventProcessingServiceTest
[ERROR] /D:/cursor/ATENEA_NOTIFICATIONS_BACKEND/src/test/java/edu/dosw/rideci/unit/application/service/EventProcessingServiceTest.java:[77,40] cannot find symbol
  symbol:   class ReportCreatedEvent
  location: class edu.dosw.rideci.unit.application.service.EventProcessingServiceTest
[ERROR] /D:/cursor/ATENEA_NOTIFICATIONS_BACKEND/src/test/java/edu/dosw/rideci/unit/application/service/EventProcessingServiceTest.java:[88,9] cannot find symbol
  symbol:   class ReportCreatedEvent
  location: class edu.dosw.rideci.unit.application.service.EventProcessingServiceTest
[ERROR] /D:/cursor/ATENEA_NOTIFICATIONS_BACKEND/src/test/java/edu/dosw/rideci/unit/application/service/EventProcessingServiceTest.java:[88,40] cannot find symbol
  symbol:   class ReportCreatedEvent
  location: class edu.dosw.rideci.unit.application.service.EventProcessingServiceTest
[ERROR] /D:/cursor/ATENEA_NOTIFICATIONS_BACKEND/src/test/java/edu/dosw/rideci/unit/application/service/EventProcessingServiceTest.java:[99,27] package TravelCreatedEvent does not exist
[ERROR] /D:/cursor/ATENEA_NOTIFICATIONS_BACKEND/src/test/java/edu/dosw/rideci/unit/application/service/EventProcessingServiceTest.java:[99,65] package TravelCreatedEvent does not exist
[ERROR] /D:/cursor/ATENEA_NOTIFICATIONS_BACKEND/src/test/java/edu/dosw/rideci/unit/application/service/EventProcessingServiceTest.java:[100,9] cannot find symbol
  symbol:   class TravelCreatedEvent
  location: class edu.dosw.rideci.unit.application.service.EventProcessingServiceTest
[ERROR] /D:/cursor/ATENEA_NOTIFICATIONS_BACKEND/src/test/java/edu/dosw/rideci/unit/application/service/EventProcessingServiceTest.java:[100,40] cannot find symbol
  symbol:   class TravelCreatedEvent
  location: class edu.dosw.rideci.unit.application.service.EventProcessingServiceTest
[ERROR] /D:/cursor/ATENEA_NOTIFICATIONS_BACKEND/src/test/java/edu/dosw/rideci/unit/application/service/EventProcessingServiceTest.java:[110,9] cannot find symbol
  symbol:   class TravelUpdatedEvent
  location: class edu.dosw.rideci.unit.application.service.EventProcessingServiceTest
[ERROR] /D:/cursor/ATENEA_NOTIFICATIONS_BACKEND/src/test/java/edu/dosw/rideci/unit/application/service/EventProcessingServiceTest.java:[110,40] cannot find symbol
  symbol:   class TravelUpdatedEvent
  location: class edu.dosw.rideci.unit.application.service.EventProcessingServiceTest
[ERROR] /D:/cursor/ATENEA_NOTIFICATIONS_BACKEND/src/test/java/edu/dosw/rideci/unit/application/service/EventProcessingServiceTest.java:[120,9] cannot find symbol
  symbol:   class TravelCancelledEvent
  location: class edu.dosw.rideci.unit.application.service.EventProcessingServiceTest
[ERROR] /D:/cursor/ATENEA_NOTIFICATIONS_BACKEND/src/test/java/edu/dosw/rideci/unit/application/service/EventProcessingServiceTest.java:[120,42] cannot find symbol
  symbol:   class TravelCancelledEvent
  location: class edu.dosw.rideci.unit.application.service.EventProcessingServiceTest
[ERROR] /D:/cursor/ATENEA_NOTIFICATIONS_BACKEND/src/test/java/edu/dosw/rideci/unit/application/service/EventProcessingServiceTest.java:[131,9] cannot find symbol
  symbol:   class TravelCompletedEvent
  location: class edu.dosw.rideci.unit.application.service.EventProcessingServiceTest
[ERROR] /D:/cursor/ATENEA_NOTIFICATIONS_BACKEND/src/test/java/edu/dosw/rideci/unit/application/service/EventProcessingServiceTest.java:[131,42] cannot find symbol
  symbol:   class TravelCompletedEvent
  location: class edu.dosw.rideci.unit.application.service.EventProcessingServiceTest
[ERROR] /D:/cursor/ATENEA_NOTIFICATIONS_BACKEND/src/test/java/edu/dosw/rideci/unit/application/service/EventProcessingServiceTest.java:[131,83] cannot find symbol
  symbol:   variable List
  location: class edu.dosw.rideci.unit.application.service.EventProcessingServiceTest
[ERROR] /D:/cursor/ATENEA_NOTIFICATIONS_BACKEND/src/test/java/edu/dosw/rideci/unit/application/service/EventProcessingServiceTest.java:[141,9] cannot find symbol
  symbol:   class BookingCreatedEvent
  location: class edu.dosw.rideci.unit.application.service.EventProcessingServiceTest
[ERROR] /D:/cursor/ATENEA_NOTIFICATIONS_BACKEND/src/test/java/edu/dosw/rideci/unit/application/service/EventProcessingServiceTest.java:[141,41] cannot find symbol
  symbol:   class BookingCreatedEvent
  location: class edu.dosw.rideci.unit.application.service.EventProcessingServiceTest
[ERROR] /D:/cursor/ATENEA_NOTIFICATIONS_BACKEND/src/test/java/edu/dosw/rideci/unit/application/service/EventProcessingServiceTest.java:[151,9] cannot find symbol
  symbol:   class UserEvent
  location: class edu.dosw.rideci.unit.application.service.EventProcessingServiceTest
[ERROR] /D:/cursor/ATENEA_NOTIFICATIONS_BACKEND/src/test/java/edu/dosw/rideci/unit/application/service/EventProcessingServiceTest.java:[151,31] cannot find symbol
  symbol:   class UserEvent
  location: class edu.dosw.rideci.unit.application.service.EventProcessingServiceTest
[ERROR] /D:/cursor/ATENEA_NOTIFICATIONS_BACKEND/src/test/java/edu/dosw/rideci/unit/application/events/listener/TravelEventsListenerTest.java:[35,9] cannot find symbol
  symbol:   variable Messagemessage
  location: class edu.dosw.rideci.unit.application.events.listener.TravelEventsListenerTest
[ERROR] /D:/cursor/ATENEA_NOTIFICATIONS_BACKEND/src/test/java/edu/dosw/rideci/unit/application/events/listener/TravelEventsListenerTest.java:[37,14] cannot find symbol
  symbol:   variable message
  location: class edu.dosw.rideci.unit.application.events.listener.TravelEventsListenerTest
[ERROR] /D:/cursor/ATENEA_NOTIFICATIONS_BACKEND/src/test/java/edu/dosw/rideci/unit/application/events/listener/TravelEventsListenerTest.java:[40,14] cannot find symbol
  symbol:   variable message
  location: class edu.dosw.rideci.unit.application.events.listener.TravelEventsListenerTest
[ERROR] /D:/cursor/ATENEA_NOTIFICATIONS_BACKEND/src/test/java/edu/dosw/rideci/unit/application/events/listener/TravelEventsListenerTest.java:[46,43] no suitable constructor found for Location(double,double,java.lang.String)
    constructor edu.dosw.rideci.application.events.travel.TravelCreatedEvent.Location.Location() is not applicable
      (actual and formal argument lists differ in length)
    constructor edu.dosw.rideci.application.events.travel.TravelCreatedEvent.Location.Location(java.lang.Double,java.lang.Double,java.lang.String,java.lang.String) is not applicable
      (actual and formal argument lists differ in length)
[ERROR] /D:/cursor/ATENEA_NOTIFICATIONS_BACKEND/src/test/java/edu/dosw/rideci/unit/application/events/listener/TravelEventsListenerTest.java:[51,36] cannot find symbol
  symbol:   variable message
  location: class edu.dosw.rideci.unit.application.events.listener.TravelEventsListenerTest
[INFO] 28 errors 
[INFO] -------------------------------------------------------------
[INFO] ------------------------------------------------------------------------
[INFO] BUILD FAILURE
[INFO] ------------------------------------------------------------------------
[INFO] Total time:  6.807 s
[INFO] Finished at: 2025-12-15T18:38:34-05:00
[INFO] ------------------------------------------------------------------------
[ERROR] Failed to execute goal org.apache.maven.plugins:maven-compiler-plugin:3.11.0:testCompile (default-testCompile) on project ATENEA_NOTIFICATIONS_BACKEND: Compilation failure: Compilation failure: 
[ERROR] /D:/cursor/ATENEA_NOTIFICATIONS_BACKEND/src/test/java/edu/dosw/rideci/unit/application/service/EventProcessingServiceTest.java:[53,9] cannot find symbol
[ERROR]   symbol:   class PaymentFailedEvent
[ERROR]   location: class edu.dosw.rideci.unit.application.service.EventProcessingServiceTest
[ERROR] /D:/cursor/ATENEA_NOTIFICATIONS_BACKEND/src/test/java/edu/dosw/rideci/unit/application/service/EventProcessingServiceTest.java:[53,40] cannot find symbol
[ERROR]   symbol:   class PaymentFailedEvent
[ERROR]   location: class edu.dosw.rideci.unit.application.service.EventProcessingServiceTest
[ERROR] /D:/cursor/ATENEA_NOTIFICATIONS_BACKEND/src/test/java/edu/dosw/rideci/unit/application/service/EventProcessingServiceTest.java:[67,9] cannot find symbol
[ERROR]   symbol:   class PaymentRefundedEvent
[ERROR]   location: class edu.dosw.rideci.unit.application.service.EventProcessingServiceTest
[ERROR] /D:/cursor/ATENEA_NOTIFICATIONS_BACKEND/src/test/java/edu/dosw/rideci/unit/application/service/EventProcessingServiceTest.java:[67,42] cannot find symbol
[ERROR]   symbol:   class PaymentRefundedEvent
[ERROR]   location: class edu.dosw.rideci.unit.application.service.EventProcessingServiceTest
[ERROR] /D:/cursor/ATENEA_NOTIFICATIONS_BACKEND/src/test/java/edu/dosw/rideci/unit/application/service/EventProcessingServiceTest.java:[77,9] cannot find symbol
[ERROR]   symbol:   class ReportCreatedEvent
[ERROR]   location: class edu.dosw.rideci.unit.application.service.EventProcessingServiceTest
[ERROR] /D:/cursor/ATENEA_NOTIFICATIONS_BACKEND/src/test/java/edu/dosw/rideci/unit/application/service/EventProcessingServiceTest.java:[77,40] cannot find symbol
[ERROR]   symbol:   class ReportCreatedEvent
[ERROR]   location: class edu.dosw.rideci.unit.application.service.EventProcessingServiceTest
[ERROR] /D:/cursor/ATENEA_NOTIFICATIONS_BACKEND/src/test/java/edu/dosw/rideci/unit/application/service/EventProcessingServiceTest.java:[88,9] cannot find symbol
[ERROR]   symbol:   class ReportCreatedEvent
[ERROR]   location: class edu.dosw.rideci.unit.application.service.EventProcessingServiceTest
[ERROR] /D:/cursor/ATENEA_NOTIFICATIONS_BACKEND/src/test/java/edu/dosw/rideci/unit/application/service/EventProcessingServiceTest.java:[88,40] cannot find symbol
[ERROR]   symbol:   class ReportCreatedEvent
[ERROR]   location: class edu.dosw.rideci.unit.application.service.EventProcessingServiceTest
[ERROR] /D:/cursor/ATENEA_NOTIFICATIONS_BACKEND/src/test/java/edu/dosw/rideci/unit/application/service/EventProcessingServiceTest.java:[99,27] package TravelCreatedEvent does not exist
[ERROR] /D:/cursor/ATENEA_NOTIFICATIONS_BACKEND/src/test/java/edu/dosw/rideci/unit/application/service/EventProcessingServiceTest.java:[99,65] package TravelCreatedEvent does not exist
[ERROR] /D:/cursor/ATENEA_NOTIFICATIONS_BACKEND/src/test/java/edu/dosw/rideci/unit/application/service/EventProcessingServiceTest.java:[100,9] cannot find symbol
[ERROR]   symbol:   class TravelCreatedEvent
[ERROR]   location: class edu.dosw.rideci.unit.application.service.EventProcessingServiceTest
[ERROR] /D:/cursor/ATENEA_NOTIFICATIONS_BACKEND/src/test/java/edu/dosw/rideci/unit/application/service/EventProcessingServiceTest.java:[100,40] cannot find symbol
[ERROR]   symbol:   class TravelCreatedEvent
[ERROR]   location: class edu.dosw.rideci.unit.application.service.EventProcessingServiceTest
[ERROR] /D:/cursor/ATENEA_NOTIFICATIONS_BACKEND/src/test/java/edu/dosw/rideci/unit/application/service/EventProcessingServiceTest.java:[110,9] cannot find symbol
[ERROR]   symbol:   class TravelUpdatedEvent
[ERROR]   location: class edu.dosw.rideci.unit.application.service.EventProcessingServiceTest
[ERROR] /D:/cursor/ATENEA_NOTIFICATIONS_BACKEND/src/test/java/edu/dosw/rideci/unit/application/service/EventProcessingServiceTest.java:[110,40] cannot find symbol
[ERROR]   symbol:   class TravelUpdatedEvent
[ERROR]   location: class edu.dosw.rideci.unit.application.service.EventProcessingServiceTest
[ERROR] /D:/cursor/ATENEA_NOTIFICATIONS_BACKEND/src/test/java/edu/dosw/rideci/unit/application/service/EventProcessingServiceTest.java:[120,9] cannot find symbol
[ERROR]   symbol:   class TravelCancelledEvent
[ERROR]   location: class edu.dosw.rideci.unit.application.service.EventProcessingServiceTest
[ERROR] /D:/cursor/ATENEA_NOTIFICATIONS_BACKEND/src/test/java/edu/dosw/rideci/unit/application/service/EventProcessingServiceTest.java:[120,42] cannot find symbol
[ERROR]   symbol:   class TravelCancelledEvent
[ERROR]   location: class edu.dosw.rideci.unit.application.service.EventProcessingServiceTest
[ERROR] /D:/cursor/ATENEA_NOTIFICATIONS_BACKEND/src/test/java/edu/dosw/rideci/unit/application/service/EventProcessingServiceTest.java:[131,9] cannot find symbol
[ERROR]   symbol:   class TravelCompletedEvent
[ERROR]   location: class edu.dosw.rideci.unit.application.service.EventProcessingServiceTest
[ERROR] /D:/cursor/ATENEA_NOTIFICATIONS_BACKEND/src/test/java/edu/dosw/rideci/unit/application/service/EventProcessingServiceTest.java:[131,42] cannot find symbol
[ERROR]   symbol:   class TravelCompletedEvent
[ERROR]   location: class edu.dosw.rideci.unit.application.service.EventProcessingServiceTest
[ERROR] /D:/cursor/ATENEA_NOTIFICATIONS_BACKEND/src/test/java/edu/dosw/rideci/unit/application/service/EventProcessingServiceTest.java:[131,83] cannot find symbol
[ERROR]   symbol:   variable List
[ERROR]   location: class edu.dosw.rideci.unit.application.service.EventProcessingServiceTest
[ERROR] /D:/cursor/ATENEA_NOTIFICATIONS_BACKEND/src/test/java/edu/dosw/rideci/unit/application/service/EventProcessingServiceTest.java:[141,9] cannot find symbol
[ERROR]   symbol:   class BookingCreatedEvent
[ERROR]   location: class edu.dosw.rideci.unit.application.service.EventProcessingServiceTest
[ERROR] /D:/cursor/ATENEA_NOTIFICATIONS_BACKEND/src/test/java/edu/dosw/rideci/unit/application/service/EventProcessingServiceTest.java:[141,41] cannot find symbol
[ERROR]   symbol:   class BookingCreatedEvent
[ERROR]   location: class edu.dosw.rideci.unit.application.service.EventProcessingServiceTest
[ERROR] /D:/cursor/ATENEA_NOTIFICATIONS_BACKEND/src/test/java/edu/dosw/rideci/unit/application/service/EventProcessingServiceTest.java:[151,9] cannot find symbol
[ERROR]   symbol:   class UserEvent
[ERROR]   location: class edu.dosw.rideci.unit.application.service.EventProcessingServiceTest
[ERROR] /D:/cursor/ATENEA_NOTIFICATIONS_BACKEND/src/test/java/edu/dosw/rideci/unit/application/service/EventProcessingServiceTest.java:[151,31] cannot find symbol
[ERROR]   symbol:   class UserEvent
[ERROR]   location: class edu.dosw.rideci.unit.application.service.EventProcessingServiceTest
[ERROR] /D:/cursor/ATENEA_NOTIFICATIONS_BACKEND/src/test/java/edu/dosw/rideci/unit/application/events/listener/TravelEventsListenerTest.java:[35,9] cannot find symbol
[ERROR]   symbol:   variable Messagemessage
[ERROR]   location: class edu.dosw.rideci.unit.application.events.listener.TravelEventsListenerTest
[ERROR] /D:/cursor/ATENEA_NOTIFICATIONS_BACKEND/src/test/java/edu/dosw/rideci/unit/application/events/listener/TravelEventsListenerTest.java:[37,14] cannot find symbol
[ERROR]   symbol:   variable message
[ERROR]   location: class edu.dosw.rideci.unit.application.events.listener.TravelEventsListenerTest
[ERROR] /D:/cursor/ATENEA_NOTIFICATIONS_BACKEND/src/test/java/edu/dosw/rideci/unit/application/events/listener/TravelEventsListenerTest.java:[40,14] cannot find symbol
[ERROR]   symbol:   variable message
[ERROR]   location: class edu.dosw.rideci.unit.application.events.listener.TravelEventsListenerTest
[ERROR] /D:/cursor/ATENEA_NOTIFICATIONS_BACKEND/src/test/java/edu/dosw/rideci/unit/application/events/listener/TravelEventsListenerTest.java:[46,43] no suitable constructor found for Location(double,double,java.lang.String)
[ERROR]     constructor edu.dosw.rideci.application.events.travel.TravelCreatedEvent.Location.Location() is not applicable
[ERROR]       (actual and formal argument lists differ in length)
[ERROR]     constructor edu.dosw.rideci.application.events.travel.TravelCreatedEvent.Location.Location(java.lang.Double,java.lang.Double,java.lang.String,java.lang.String) is not applicable
[ERROR]       (actual and formal argument lists differ in length)
[ERROR] /D:/cursor/ATENEA_NOTIFICATIONS_BACKEND/src/test/java/edu/dosw/rideci/unit/application/events/listener/TravelEventsListenerTest.java:[51,36] cannot find symbol
[ERROR]   symbol:   variable message
[ERROR]   location: class edu.dosw.rideci.unit.application.events.listener.TravelEventsListenerTest
[ERROR] -> [Help 1]
[ERROR] 
[ERROR] To see the full stack trace of the errors, re-run Maven with the -e switch.
[ERROR] Re-run Maven using the -X switch to enable full debug logging.
[ERROR] 
[ERROR] For more information about the errors and possible solutions, please read the following articles:
[ERROR] [Help 1] http://cwiki.apache.org/confluence/display/MAVEN/MojoFailureException
